\BOOKMARK [1][-]{section.1}{\376\377\137\025\212\000}{}% 1
\BOOKMARK [1][-]{section.2}{\376\377\123\125\221\317\133\120\153\324\162\171\166\204\145\160\133\146\127\372\170\100}{}% 2
\BOOKMARK [2][-]{subsection.2.1}{\376\377\176\257\140\001\116\016\162\266\140\001\124\021\221\317}{section.2}% 3
\BOOKMARK [2][-]{subsection.2.2}{\376\377\155\367\124\010\140\001\116\016\133\306\136\246\167\351\226\065}{section.2}% 4
\BOOKMARK [2][-]{subsection.2.3}{\376\377\000P\000a\000u\000l\000i\000\040\167\351\226\065\123\312\121\166\116\343\145\160}{section.2}% 5
\BOOKMARK [2][-]{subsection.2.4}{\376\377\000B\000l\000o\000c\000h\000\040\164\003\210\150\171\072}{section.2}% 6
\BOOKMARK [2][-]{subsection.2.5}{\376\377\123\125\221\317\133\120\153\324\162\171\145\313\217\154}{section.2}% 7
\BOOKMARK [1][-]{section.3}{\376\377\145\160\143\156\221\315\116\012\117\040\123\125\221\317\133\120\153\324\162\171\122\006\174\173\126\150}{}% 8
\BOOKMARK [2][-]{subsection.3.1}{\376\377\123\237\131\313\145\160\143\156\221\315\116\012\117\040\176\323\147\204}{section.3}% 9
\BOOKMARK [2][-]{subsection.3.2}{\376\377\145\160\143\156\116\016\213\255\176\303\123\302\145\160\121\161\124\014\143\247\122\066\145\313\217\154}{section.3}% 10
\BOOKMARK [2][-]{subsection.3.3}{\376\377\221\315\116\012\117\040\116\247\165\037\227\136\176\277\140\047\166\204\147\072\122\066}{section.3}% 11
\BOOKMARK [2][-]{subsection.3.4}{\376\377\232\330\176\364\145\160\143\156\177\026\170\001}{section.3}% 12
\BOOKMARK [1][-]{section.4}{\376\377\155\113\221\317\173\126\165\145\116\016\174\173\122\053\150\007\173\176\140\001}{}% 13
\BOOKMARK [2][-]{subsection.4.1}{\376\377\116\214\122\006\174\173}{section.4}% 14
\BOOKMARK [2][-]{subsection.4.2}{\376\377\131\032\122\006\174\173\116\016\000\040\000B\000l\000o\000c\000h\000\040\164\003\150\007\173\176\160\271}{section.4}% 15
\BOOKMARK [2][-]{subsection.4.3}{\376\377\117\335\167\037\136\246\166\204\000\040\000B\000l\000o\000c\000h\000\040\164\003\210\150\171\072}{section.4}% 16
\BOOKMARK [1][-]{section.5}{\376\377\143\137\131\061\121\375\145\160}{}% 17
\BOOKMARK [2][-]{subsection.5.1}{\376\377\146\156\220\032\117\335\167\037\136\246\143\137\131\061}{section.5}% 18
\BOOKMARK [2][-]{subsection.5.2}{\376\377\122\240\147\103\117\335\167\037\136\246\143\137\131\061}{section.5}% 19
\BOOKMARK [1][-]{section.6}{\376\377\123\125\221\317\133\120\153\324\162\171\122\006\174\173\126\150\166\204\220\032\165\050\140\047\213\272\213\301}{}% 20
\BOOKMARK [2][-]{subsection.6.1}{\376\377\176\317\121\170\220\032\165\050\220\074\217\321\133\232\164\006}{section.6}% 21
\BOOKMARK [2][-]{subsection.6.2}{\376\377\000S\000U\000\050\0002\000\051\000\040\166\204\217\164\211\322\210\150\171\072}{section.6}% 22
\BOOKMARK [2][-]{subsection.6.3}{\376\377\000B\000a\000k\000e\000r\000-\000C\000a\000m\000p\000b\000e\000l\000l\000-\000H\000a\000u\000s\000d\000o\000r\000f\000f\000\040\134\125\137\000}{section.6}% 23
\BOOKMARK [2][-]{subsection.6.4}{\376\377\116\016\171\136\176\317\177\121\176\334\166\204\133\371\136\224\123\312\164\006\213\272\217\271\165\114}{section.6}% 24
\BOOKMARK [1][-]{section.7}{\376\377\131\032\221\317\133\120\153\324\162\171\143\250\136\177}{}% 25
\BOOKMARK [2][-]{subsection.7.1}{\376\377\145\340\176\240\177\040\116\016\124\053\176\240\177\040\165\065\215\357}{section.7}% 26
\BOOKMARK [2][-]{subsection.7.2}{\376\377\131\032\221\317\133\120\153\324\162\171\155\113\221\317}{section.7}% 27
\BOOKMARK [1][-]{section.8}{\376\377\176\317\121\170\117\030\123\026\145\271\154\325}{}% 28
\BOOKMARK [2][-]{subsection.8.1}{\376\377\117\030\123\026\225\356\230\230}{section.8}% 29
\BOOKMARK [2][-]{subsection.8.2}{\376\377\000L\000-\000B\000F\000G\000S\000-\000B\000\040\145\271\154\325}{section.8}% 30
\BOOKMARK [1][-]{section.9}{\376\377\143\137\131\061\121\375\145\160\150\257\136\246\116\016\226\217\147\072\150\257\136\246\116\013\226\115}{}% 31
\BOOKMARK [2][-]{subsection.9.1}{\376\377\122\115\124\021\162\266\140\001\116\016\123\315\124\021\162\266\140\001}{section.9}% 32
\BOOKMARK [2][-]{subsection.9.2}{\376\377\150\257\136\246\143\250\133\374}{section.9}% 33
\BOOKMARK [2][-]{subsection.9.3}{\376\377\142\171\221\317\000\040\000S\000G\000D\000\040\116\016\164\006\213\272\134\100\226\120}{section.9}% 34
